// Jest Snapshot v1, https://goo.gl/fbAQLP

exports[`withToggleMenu is rendered correctly 1`] = `<div />`;
