// Jest Snapshot v1, https://goo.gl/fbAQLP

exports[`Render Map Render Map 1`] = `ReactWrapper {}`;
