// Jest Snapshot v1, https://goo.gl/fbAQLP

exports[`Render PrivateRoute correctly Render PrivateRoute correctly 1`] = `null`;
