// Jest Snapshot v1, https://goo.gl/fbAQLP

exports[`Render App Render App 1`] = `
Array [
  <header
    className="header"
  >
    <div
      className="container"
    >
      <div
        className="header__wrapper"
      >
        <div
          className="header__left"
        >
          <a
            className="header__logo-link"
            href="/"
            onClick={[Function]}
          >
            <img
              alt="6 cities logo"
              className="header__logo"
              height="41"
              src="/img/logo.svg"
              width="81"
            />
          </a>
        </div>
        <nav
          className="header__nav"
        >
          <ul
            className="header__nav-list"
          >
            <li
              className="header__nav-item user"
            >
              <a
                className="header__nav-link header__nav-link--profile"
                href="/login"
              >
                Sign in
              </a>
            </li>
          </ul>
        </nav>
      </div>
    </div>
  </header>,
  <main
    className="page__main page__main--property"
  >
    <section
      className="property"
    >
      <div
        className="property__gallery-container container"
      >
        <div
          className="property__gallery"
        >
          <div
            className="property__image-wrapper"
          >
            <img
              alt="Photo studio"
              className="property__image"
              src="https://assets.htmlacademy.ru/intensives/javascript-3/hotel/3.jpg"
            />
          </div>
        </div>
      </div>
      <div
        className="property__container container"
      >
        <div
          className="property__wrapper"
        >
          <div
            className="property__name-wrapper"
          >
            <h1
              className="property__name"
            >
              Amazing and Extremely Central Flat
            </h1>
            <button
              className="property__bookmark-button button"
              onClick={[Function]}
              type="button"
            >
              <svg
                className="property__bookmark-icon"
                height="33"
                width="31"
              >
                <use
                  xlinkHref="#icon-bookmark"
                />
              </svg>
              <span
                className="visually-hidden"
              >
                To bookmarks
              </span>
            </button>
          </div>
          <div
            className="property__rating rating"
          >
            <div
              className="property__stars rating__stars"
            >
              <span
                style={
                  Object {
                    "width": "86%",
                  }
                }
              />
              <span
                className="visually-hidden"
              >
                Rating
              </span>
            </div>
            <span
              className="property__rating-value rating__value"
            >
              4.3
            </span>
          </div>
          <ul
            className="property__features"
          >
            <li
              className="property__feature property__feature--entire"
            >
              apartment
            </li>
            <li
              className="property__feature property__feature--bedrooms"
            >
              3
               Bedrooms
            </li>
            <li
              className="property__feature property__feature--adults"
            >
              Max 
               adults
            </li>
          </ul>
          <div
            className="property__price"
          >
            <b
              className="property__price-value"
            >
              €
              323
            </b>
            <span
              className="property__price-text"
            >
               night
            </span>
          </div>
          <div
            className="property__inside"
          >
            <h2
              className="property__inside-title"
            >
              What's inside
            </h2>
            <ul
              className="property__inside-list"
            >
              <li
                className="property__inside-item"
              >
                Towels
              </li>
              <li
                className="property__inside-item"
              >
                Baby seat
              </li>
              <li
                className="property__inside-item"
              >
                Laptop friendly workspace
              </li>
            </ul>
          </div>
          <div
            className="property__host"
          >
            <h2
              className="property__host-title"
            >
              Meet the host
            </h2>
            <div
              className="property__host-user user"
            >
              <div
                className="property__avatar-wrapper property__avatar-wrapper--pro user__avatar-wrapper"
              >
                <img
                  alt="Host avatar"
                  className="property__avatar user__avatar"
                  height="74"
                  src="../img/avatar-angelina.jpg"
                  width="74"
                />
              </div>
              <span
                className="property__user-name"
              >
                Angelina
              </span>
            </div>
            <div
              className="property__description"
            >
              <p
                className="property__text"
              >
                This is a place for dreamers to reset, reflect, and create. Designed with a 'slow' pace in mind, our hope is that you enjoy every part of your stay; from making local coffee by drip in the morning, choosing the perfect record to put on as the sun sets.
              </p>
            </div>
          </div>
          <section
            className="property__reviews reviews"
          >
            <h2
              className="reviews__title"
            >
              Reviews · 
              <span
                className="reviews__amount"
              >
                0
              </span>
            </h2>
            <ul
              className="reviews__list"
            />
          </section>
        </div>
      </div>
      <section
        className="property__map map"
      >
        <map
          activeCardID={0}
          offers={Array []}
        />
      </section>
    </section>
    <div
      className="container"
    >
      <section
        className="near-places places"
      >
        <h2
          className="near-places__title"
        >
          Other places in the neighbourhood
        </h2>
        <div
          className="near-places__list places__list"
        >
          <div
            className="cities__places-list places__list tabs__content"
          />
        </div>
      </section>
    </div>
  </main>,
]
`;
